../Core/Src/main.c:84:5:main	152	static
../Core/Src/main.c:177:6:SystemClock_Config	88	static
../Core/Src/main.c:219:13:MX_I2C1_Init	8	static
../Core/Src/main.c:253:13:MX_GPIO_Init	40	static
../Core/Src/main.c:283:6:Sensor_Task	40	static
../Core/Src/main.c:317:6:Comms_Task	16	static
../Core/Src/main.c:323:6:Processing_Task	40	static
../Core/Src/main.c:341:6:Display_Task	16	static
../Core/Src/main.c:357:6:StartDefaultTask	16	static
../Core/Src/main.c:376:6:HAL_TIM_PeriodElapsedCallback	16	static
../Core/Src/main.c:394:6:Error_Handler	4	static,ignoring_inline_asm
